acivpf
acivpf
wndigs
ljkrux
ljkrux
ljkrux
ljkrux
ljkrux
ljkrux
ljkrux
ljkrux
ljkrux
jwrrpx
jwrrpx
jwrrpx
jwrrpx
jwrrpx
jwrrpx
jwrrpx
jwrrpx
jwrrpx
jwrrpx
jwrrpx
jwrrpx
jwrrpx
jwrrpx
jwrrpx
jwrrpx
jwrrpx
jwrrpx
jwrrpx
jwrrpx
jwrrpx
jwrrpx
jwrrpx
jwrrpx
jwrrpx
jwrrpx
jwrrpx
jwrrpx
jwrrpx
jwrrpx
bmrdah
bmrdah
bmrdah
bmrdah
bmrdah
bmrdah
bmrdah
bmrdah
bmrdah
bmrdah
bmrdah
bmrdah
bmrdah
bmrdah
bmrdah
bmrdah
bmrdah
bmrdah
bmrdah
bmrdah
bmrdah
bmrdah
bmrdah
bmrdah
bmrdah
bmrdah
bmrdah
bmrdah
bmrdah
bmrdah
bmrdah
bmrdah
bmrdah
bmrdah
bmrdah
bmrdah
bmrdah
bmrdah
bmrdah
bmrdah
bmrdah
bmrdah
bmrdah
bmrdah
bmrdah
bmrdah
bmrdah
bmrdah
bmrdah
rrqfdb
rrqfdb
rrqfdb
rrqfdb
rrqfdb
rrqfdb
rrqfdb
rrqfdb
rrqfdb
rrqfdb
rrqfdb
rrqfdb
rrqfdb
rrqfdb
rrqfdb
rrqfdb
rrqfdb
rrqfdb
rrqfdb
rrqfdb
rrqfdb
rrqfdb
rrqfdb
rrqfdb
rrqfdb
rrqfdb
rrqfdb
rrqfdb
rrqfdb
rrqfdb
rrqfdb
rrqfdb
rrqfdb
rrqfdb
rrqfdb
rrqfdb
rrqfdb
rrqfdb
rrqfdb
rrqfdb
rrqfdb
rrqfdb
rrqfdb
rrqfdb
rrqfdb
rrqfdb
rrqfdb
rrqfdb
rrqfdb
rrqfdb
rrqfdb
rrqfdb
rrqfdb
rrqfdb
rrqfdb
rrqfdb
rrqfdb
rrqfdb
rrqfdb
rrqfdb
rrqfdb
rrqfdb
rrqfdb
rrqfdb
rrqfdb
rrqfdb
rrqfdb
rrqfdb
rrqfdb
rrqfdb
rrqfdb
rrqfdb
rrqfdb
rrqfdb
rrqfdb
rrqfdb
rrqfdb
rrqfdb
onircf
onircf
onircf
onircf
onircf
onircf
onircf
onircf
onircf
onircf
onircf
onircf
onircf
onircf
onircf
onircf
onircf
xuppsb
xuppsb
xuppsb
xuppsb
xuppsb
xuppsb
xuppsb
xuppsb
xuppsb
xuppsb
xuppsb
xuppsb
xuppsb
xuppsb
xuppsb
xuppsb
xuppsb
xuppsb
xuppsb
xuppsb
xuppsb
xuppsb
xuppsb
xuppsb
xuppsb
xuppsb
xuppsb
xuppsb
xuppsb
xuppsb
xuppsb
xuppsb
onircf
onircf
onircf
onircf
onircf
onircf
onircf
onircf
onircf
onircf
onircf
onircf
onircf
onircf
jwrrpx
jwrrpx
jwrrpx
jwrrpx
jwrrpx
jwrrpx
jwrrpx
jwrrpx
jwrrpx
jwrrpx
jwrrpx
jwrrpx
jwrrpx
jwrrpx
jwrrpx
jwrrpx
jwrrpx
jwrrpx
jwrrpx
jwrrpx
jwrrpx
jwrrpx
jwrrpx
jwrrpx
jwrrpx
jwrrpx
jwrrpx
jwrrpx
jwrrpx
jwrrpx
jwrrpx
jwrrpx
jwrrpx
jwrrpx
jwrrpx
jwrrpx
jwrrpx
jwrrpx
jwrrpx
jwrrpx
jwrrpx
jwrrpx
jwrrpx
jwrrpx
jwrrpx
jwrrpx
jwrrpx
jwrrpx
jwrrpx
jwrrpx
jwrrpx
jwrrpx
jwrrpx
jwrrpx
jwrrpx
jwrrpx
jwrrpx
jwrrpx
jwrrpx
jwrrpx
jwrrpx
jwrrpx
jwrrpx
jwrrpx
jwrrpx
jwrrpx
jwrrpx
jwrrpx
jwrrpx
jwrrpx
jwrrpx
jwrrpx
jwrrpx
jwrrpx
jwrrpx
jwrrpx
jwrrpx
jwrrpx
jwrrpx
jwrrpx
jwrrpx
jwrrpx
